// Jest Snapshot v1, https://goo.gl/fbAQLP

exports[`Test Suite renders correctly 1`] = `
<div
  className="App"
>
  <div
    className="container"
  >
    <header
      className="App-header"
    >
      <h1>
        SkillShare
      </h1>
      <h2
        className="App-title"
      >
        Searching: 
        travel
      </h2>
    </header>
    <div
      className="row"
    >
      <div
        className=""
      />
    </div>
  </div>
</div>
`;
